// Jest Snapshot v1, https://goo.gl/fbAQLP

exports[`Testing CountHeader renders as expected 1`] = `
ShallowWrapper {
  "length": 1,
  Symbol(enzyme.__root__): [Circular],
  Symbol(enzyme.__unrendered__): <Connect(CountHeader)
    classes={
        Object {
            "card": "CountHeader-card-1",
            "media": "CountHeader-media-2",
            "pos": "CountHeader-pos-4",
            "title": "CountHeader-title-3",
          }
    }
/>,
  Symbol(enzyme.__renderer__): Object {
    "batchedUpdates": [Function],
    "getNode": [Function],
    "render": [Function],
    "simulateEvent": [Function],
    "unmount": [Function],
  },
  Symbol(enzyme.__node__): Object {
    "instance": null,
    "key": undefined,
    "nodeType": "class",
    "props": Object {
      "classes": Object {
        "card": "CountHeader-card-1",
        "media": "CountHeader-media-2",
        "pos": "CountHeader-pos-4",
        "title": "CountHeader-title-3",
      },
      "countHeader": undefined,
      "getCountHeader": [Function],
    },
    "ref": null,
    "rendered": null,
    "type": [Function],
  },
  Symbol(enzyme.__nodes__): Array [
    Object {
      "instance": null,
      "key": undefined,
      "nodeType": "class",
      "props": Object {
        "classes": Object {
          "card": "CountHeader-card-1",
          "media": "CountHeader-media-2",
          "pos": "CountHeader-pos-4",
          "title": "CountHeader-title-3",
        },
        "countHeader": undefined,
        "getCountHeader": [Function],
      },
      "ref": null,
      "rendered": null,
      "type": [Function],
    },
  ],
  Symbol(enzyme.__options__): Object {
    "adapter": ReactSixteenAdapter {
      "options": Object {
        "enableComponentDidUpdateOnSetState": true,
      },
    },
    "context": Object {
      "store": Object {
        "clearActions": [Function],
        "dispatch": [Function],
        "getActions": [Function],
        "getState": [Function],
        "replaceReducer": [Function],
        "subscribe": [Function],
      },
    },
  },
}
`;
